  Determining projects to restore...
  All projects are up-to-date for restore.
C:\Program Files\dotnet\sdk\9.0.305\Sdks\Microsoft.NET.Sdk\targets\Microsoft.NET.Sdk.DefaultItems.Shared.targets(190,5): error NETSDK1022: Duplicate 'Compile' items were included. The .NET SDK includes 'Compile' items from your project directory by default. You can either remove these items from your project file, or set the 'EnableDefaultCompileItems' property to 'false' if you want to explicitly include them in your project file. For more information, see https://aka.ms/sdkimplicititems. The duplicate items were: 'App_Start\BundleConfig.cs'; 'App_Start\FilterConfig.cs'; 'App_Start\RouteConfig.cs'; 'App_Start\Startup.Auth.cs'; 'Controllers\AccountController.cs'; 'Controllers\AdminController.cs'; 'Controllers\BookstoreController.cs'; 'Controllers\BookstoreManagementController.cs'; 'Controllers\CartController.cs'; 'Controllers\CategoryManagementController.cs'; 'Controllers\CustomerController.cs'; 'Controllers\DeliveryDriverController.cs'; 'Controllers\HomeController.cs'; 'Controllers\OrderManagementController.cs'; 'Controllers\ProfileController.cs'; 'Controllers\ReportController.cs'; 'Controllers\ReservationsController.cs'; 'Controllers\SettingsManagementController.cs'; 'Controllers\StripeController.cs'; 'Controllers\UserManagementController.cs'; 'Controllers\WishlistController.cs'; 'Global.asax.cs'; 'Migrations\20240729120000_AddWishlistCartReservation.cs'; 'Migrations\20240729120001_AlterDateColumnsToDateTime2.cs'; 'Migrations\20241201120000_FixBookstoreRoleAndWalletChanges.cs'; 'Migrations\Configuration.cs'; 'Models\AccountViewModels.cs'; 'Models\Admin.cs'; 'Models\ApplicationDbInitializer.cs'; 'Models\Bookstore.cs'; 'Models\Cart.cs'; 'Models\CartItem.cs'; 'Models\Category.cs'; 'Models\Customer.cs'; 'Models\Delivery.cs'; 'Models\DeliveryDriver.cs'; 'Models\IdentityModels.cs'; 'Models\Notification.cs'; 'Models\Order.cs'; 'Models\OrderItem.cs'; 'Models\Payment.cs'; 'Models\Product.cs'; 'Models\Reservation.cs'; 'Models\SystemSettings.cs'; 'Models\Transaction.cs'; 'Models\Wallet.cs'; 'Models\Wishlist.cs'; 'Models\WishlistItem.cs'; 'Properties\AssemblyInfo.cs'; 'Services\IEmailService.cs'; 'Services\StripeEmailService.cs'; 'Startup.cs'; 'ViewModels\AdminBookstoresViewModel.cs'; 'ViewModels\DeliveryDriverDashboardViewModel.cs'; 'ViewModels\ProfileViewModel.cs'; 'ViewModels\WalletViewModel.cs' [C:\Users\olatu\source\repos\Connect2Us.2\Connect2Us.2.csproj]

Build FAILED.

C:\Program Files\dotnet\sdk\9.0.305\Sdks\Microsoft.NET.Sdk\targets\Microsoft.NET.Sdk.DefaultItems.Shared.targets(190,5): error NETSDK1022: Duplicate 'Compile' items were included. The .NET SDK includes 'Compile' items from your project directory by default. You can either remove these items from your project file, or set the 'EnableDefaultCompileItems' property to 'false' if you want to explicitly include them in your project file. For more information, see https://aka.ms/sdkimplicititems. The duplicate items were: 'App_Start\BundleConfig.cs'; 'App_Start\FilterConfig.cs'; 'App_Start\RouteConfig.cs'; 'App_Start\Startup.Auth.cs'; 'Controllers\AccountController.cs'; 'Controllers\AdminController.cs'; 'Controllers\BookstoreController.cs'; 'Controllers\BookstoreManagementController.cs'; 'Controllers\CartController.cs'; 'Controllers\CategoryManagementController.cs'; 'Controllers\CustomerController.cs'; 'Controllers\DeliveryDriverController.cs'; 'Controllers\HomeController.cs'; 'Controllers\OrderManagementController.cs'; 'Controllers\ProfileController.cs'; 'Controllers\ReportController.cs'; 'Controllers\ReservationsController.cs'; 'Controllers\SettingsManagementController.cs'; 'Controllers\StripeController.cs'; 'Controllers\UserManagementController.cs'; 'Controllers\WishlistController.cs'; 'Global.asax.cs'; 'Migrations\20240729120000_AddWishlistCartReservation.cs'; 'Migrations\20240729120001_AlterDateColumnsToDateTime2.cs'; 'Migrations\20241201120000_FixBookstoreRoleAndWalletChanges.cs'; 'Migrations\Configuration.cs'; 'Models\AccountViewModels.cs'; 'Models\Admin.cs'; 'Models\ApplicationDbInitializer.cs'; 'Models\Bookstore.cs'; 'Models\Cart.cs'; 'Models\CartItem.cs'; 'Models\Category.cs'; 'Models\Customer.cs'; 'Models\Delivery.cs'; 'Models\DeliveryDriver.cs'; 'Models\IdentityModels.cs'; 'Models\Notification.cs'; 'Models\Order.cs'; 'Models\OrderItem.cs'; 'Models\Payment.cs'; 'Models\Product.cs'; 'Models\Reservation.cs'; 'Models\SystemSettings.cs'; 'Models\Transaction.cs'; 'Models\Wallet.cs'; 'Models\Wishlist.cs'; 'Models\WishlistItem.cs'; 'Properties\AssemblyInfo.cs'; 'Services\IEmailService.cs'; 'Services\StripeEmailService.cs'; 'Startup.cs'; 'ViewModels\AdminBookstoresViewModel.cs'; 'ViewModels\DeliveryDriverDashboardViewModel.cs'; 'ViewModels\ProfileViewModel.cs'; 'ViewModels\WalletViewModel.cs' [C:\Users\olatu\source\repos\Connect2Us.2\Connect2Us.2.csproj]
    0 Warning(s)
    1 Error(s)

Time Elapsed 00:00:02.00

Workload updates are available. Run `dotnet workload list` for more information.
